mode: set
github.com/AlchemillaHQ/Sentry/api/api.go:36.145,45.2 1 0
github.com/AlchemillaHQ/Sentry/api/api.go:50.4,52.2 1 0
github.com/AlchemillaHQ/Sentry/api/api.go:54.52,55.30 1 1
github.com/AlchemillaHQ/Sentry/api/api.go:55.30,57.47 2 1
github.com/AlchemillaHQ/Sentry/api/api.go:57.47,59.4 1 1
github.com/AlchemillaHQ/Sentry/api/api.go:61.3,61.24 1 1
github.com/AlchemillaHQ/Sentry/api/api.go:61.24,65.4 3 1
github.com/AlchemillaHQ/Sentry/api/api.go:67.3,68.17 2 1
github.com/AlchemillaHQ/Sentry/api/api.go:68.17,72.4 3 1
github.com/AlchemillaHQ/Sentry/api/api.go:74.3,76.11 3 1
github.com/AlchemillaHQ/Sentry/api/api.go:85.41,87.47 2 1
github.com/AlchemillaHQ/Sentry/api/api.go:87.47,90.3 2 1
github.com/AlchemillaHQ/Sentry/api/api.go:92.2,93.16 2 1
github.com/AlchemillaHQ/Sentry/api/api.go:93.16,97.3 3 1
github.com/AlchemillaHQ/Sentry/api/api.go:99.2,99.62 1 1
github.com/AlchemillaHQ/Sentry/api/api.go:99.62,103.3 3 1
github.com/AlchemillaHQ/Sentry/api/api.go:105.2,106.16 2 1
github.com/AlchemillaHQ/Sentry/api/api.go:106.16,110.3 3 0
github.com/AlchemillaHQ/Sentry/api/api.go:112.2,119.4 1 1
github.com/AlchemillaHQ/Sentry/api/api.go:122.50,129.22 5 1
github.com/AlchemillaHQ/Sentry/api/api.go:129.22,131.3 1 1
github.com/AlchemillaHQ/Sentry/api/api.go:133.2,137.4 1 1
github.com/AlchemillaHQ/Sentry/api/api.go:140.47,144.16 2 1
github.com/AlchemillaHQ/Sentry/api/api.go:144.16,147.3 2 1
github.com/AlchemillaHQ/Sentry/api/api.go:148.2,151.18 3 1
github.com/AlchemillaHQ/Sentry/api/api.go:151.18,156.102 5 1
github.com/AlchemillaHQ/Sentry/api/api.go:156.102,158.12 2 0
github.com/AlchemillaHQ/Sentry/api/api.go:160.3,168.5 1 1
github.com/AlchemillaHQ/Sentry/api/api.go:170.2,170.32 1 1
github.com/AlchemillaHQ/Sentry/api/api.go:173.45,175.16 2 1
github.com/AlchemillaHQ/Sentry/api/api.go:175.16,178.3 2 1
github.com/AlchemillaHQ/Sentry/api/api.go:179.2,179.30 1 1
github.com/AlchemillaHQ/Sentry/api/api.go:188.46,190.47 2 0
github.com/AlchemillaHQ/Sentry/api/api.go:190.47,193.3 2 0
github.com/AlchemillaHQ/Sentry/api/api.go:195.2,196.16 2 0
github.com/AlchemillaHQ/Sentry/api/api.go:196.16,199.3 2 0
github.com/AlchemillaHQ/Sentry/api/api.go:201.2,204.16 2 0
github.com/AlchemillaHQ/Sentry/api/api.go:204.16,207.3 2 0
github.com/AlchemillaHQ/Sentry/api/api.go:209.2,209.29 1 0
github.com/AlchemillaHQ/Sentry/api/api.go:209.29,212.3 2 0
github.com/AlchemillaHQ/Sentry/api/api.go:214.2,214.51 1 0
github.com/AlchemillaHQ/Sentry/api/api.go:217.54,223.16 2 1
github.com/AlchemillaHQ/Sentry/api/api.go:223.16,227.3 3 1
github.com/AlchemillaHQ/Sentry/api/api.go:229.2,229.77 1 1
github.com/AlchemillaHQ/Sentry/api/api.go:232.46,234.20 2 0
github.com/AlchemillaHQ/Sentry/api/api.go:234.20,237.3 2 0
github.com/AlchemillaHQ/Sentry/api/api.go:239.2,240.16 2 0
github.com/AlchemillaHQ/Sentry/api/api.go:240.16,243.3 2 0
github.com/AlchemillaHQ/Sentry/api/api.go:245.2,245.29 1 0
github.com/AlchemillaHQ/Sentry/api/api.go:245.29,248.3 2 0
github.com/AlchemillaHQ/Sentry/api/api.go:250.2,250.46 1 0
github.com/AlchemillaHQ/Sentry/api/api.go:266.36,267.40 1 1
github.com/AlchemillaHQ/Sentry/api/api.go:267.40,269.3 1 1
github.com/AlchemillaHQ/Sentry/api/api.go:278.2,278.39 1 1
github.com/AlchemillaHQ/Sentry/api/api.go:278.39,280.3 1 1
github.com/AlchemillaHQ/Sentry/api/api.go:282.2,283.21 2 1
github.com/AlchemillaHQ/Sentry/api/api.go:283.21,285.3 1 1
github.com/AlchemillaHQ/Sentry/api/api.go:287.2,287.31 1 1
github.com/AlchemillaHQ/Sentry/api/api.go:287.31,288.41 1 1
github.com/AlchemillaHQ/Sentry/api/api.go:288.41,290.4 1 1
github.com/AlchemillaHQ/Sentry/api/api.go:291.3,291.52 1 1
github.com/AlchemillaHQ/Sentry/api/api.go:291.52,293.4 1 1
github.com/AlchemillaHQ/Sentry/api/api.go:294.3,294.35 1 1
github.com/AlchemillaHQ/Sentry/api/api.go:294.35,296.97 2 1
github.com/AlchemillaHQ/Sentry/api/api.go:296.97,298.5 1 1
github.com/AlchemillaHQ/Sentry/api/api.go:303.2,304.32 2 1
github.com/AlchemillaHQ/Sentry/api/api.go:304.32,305.75 1 1
github.com/AlchemillaHQ/Sentry/api/api.go:305.75,307.4 1 1
github.com/AlchemillaHQ/Sentry/api/api.go:309.2,309.14 1 1
github.com/AlchemillaHQ/Sentry/api/api.go:312.50,314.47 2 1
github.com/AlchemillaHQ/Sentry/api/api.go:314.47,318.3 3 0
github.com/AlchemillaHQ/Sentry/api/api.go:320.2,320.52 1 1
github.com/AlchemillaHQ/Sentry/api/api.go:320.52,323.3 2 1
github.com/AlchemillaHQ/Sentry/api/api.go:325.2,325.36 1 1
github.com/AlchemillaHQ/Sentry/api/api.go:325.36,328.3 2 1
github.com/AlchemillaHQ/Sentry/api/api.go:330.2,330.27 1 1
github.com/AlchemillaHQ/Sentry/api/api.go:330.27,332.3 1 0
github.com/AlchemillaHQ/Sentry/api/api.go:333.2,333.54 1 1
github.com/AlchemillaHQ/Sentry/api/api.go:333.54,336.3 2 1
github.com/AlchemillaHQ/Sentry/api/api.go:337.2,337.33 1 1
github.com/AlchemillaHQ/Sentry/api/api.go:337.33,339.3 1 0
github.com/AlchemillaHQ/Sentry/api/api.go:341.2,342.25 2 1
github.com/AlchemillaHQ/Sentry/api/api.go:342.25,345.17 3 1
github.com/AlchemillaHQ/Sentry/api/api.go:345.17,349.4 3 0
github.com/AlchemillaHQ/Sentry/api/api.go:351.2,352.16 2 1
github.com/AlchemillaHQ/Sentry/api/api.go:352.16,356.3 3 0
github.com/AlchemillaHQ/Sentry/api/api.go:358.2,382.16 5 1
github.com/AlchemillaHQ/Sentry/api/api.go:382.16,386.3 3 0
github.com/AlchemillaHQ/Sentry/api/api.go:388.2,400.58 4 1
github.com/AlchemillaHQ/Sentry/api/api.go:400.58,404.3 3 0
github.com/AlchemillaHQ/Sentry/api/api.go:406.2,416.4 5 1
github.com/AlchemillaHQ/Sentry/api/api.go:423.49,425.48 2 1
github.com/AlchemillaHQ/Sentry/api/api.go:425.48,428.3 2 1
github.com/AlchemillaHQ/Sentry/api/api.go:430.2,431.16 2 1
github.com/AlchemillaHQ/Sentry/api/api.go:431.16,434.3 2 1
github.com/AlchemillaHQ/Sentry/api/api.go:436.2,438.70 3 0
github.com/AlchemillaHQ/Sentry/api/api.go:438.70,440.17 2 0
github.com/AlchemillaHQ/Sentry/api/api.go:440.17,443.4 2 0
github.com/AlchemillaHQ/Sentry/api/api.go:444.3,444.23 1 0
github.com/AlchemillaHQ/Sentry/api/api.go:447.2,467.16 2 0
github.com/AlchemillaHQ/Sentry/api/api.go:467.16,471.3 3 0
github.com/AlchemillaHQ/Sentry/api/api.go:472.2,472.63 1 0
github.com/AlchemillaHQ/Sentry/api/api.go:475.52,477.48 2 1
github.com/AlchemillaHQ/Sentry/api/api.go:477.48,480.3 2 1
github.com/AlchemillaHQ/Sentry/api/api.go:482.2,482.78 1 1
github.com/AlchemillaHQ/Sentry/api/api.go:482.78,484.3 1 0
github.com/AlchemillaHQ/Sentry/api/api.go:486.2,487.16 2 1
github.com/AlchemillaHQ/Sentry/api/api.go:487.16,488.23 1 1
github.com/AlchemillaHQ/Sentry/api/api.go:488.23,490.4 1 0
github.com/AlchemillaHQ/Sentry/api/api.go:493.2,493.84 1 1
github.com/AlchemillaHQ/Sentry/api/api.go:493.84,497.3 3 1
github.com/AlchemillaHQ/Sentry/api/api.go:499.2,499.56 1 1
github.com/AlchemillaHQ/Sentry/api/api.go:502.48,504.48 2 1
github.com/AlchemillaHQ/Sentry/api/api.go:504.48,507.3 2 1
github.com/AlchemillaHQ/Sentry/api/api.go:509.2,510.16 2 1
github.com/AlchemillaHQ/Sentry/api/api.go:510.16,513.3 2 1
github.com/AlchemillaHQ/Sentry/api/api.go:515.2,526.4 3 1
github.com/AlchemillaHQ/Sentry/api/api.go:529.49,531.48 2 1
github.com/AlchemillaHQ/Sentry/api/api.go:531.48,534.3 2 0
github.com/AlchemillaHQ/Sentry/api/api.go:536.2,537.16 2 1
github.com/AlchemillaHQ/Sentry/api/api.go:537.16,540.3 2 1
github.com/AlchemillaHQ/Sentry/api/api.go:542.2,542.78 1 0
github.com/AlchemillaHQ/Sentry/api/api.go:542.78,544.3 1 0
github.com/AlchemillaHQ/Sentry/api/api.go:546.2,550.16 2 0
github.com/AlchemillaHQ/Sentry/api/api.go:550.16,554.3 3 0
github.com/AlchemillaHQ/Sentry/api/api.go:556.2,557.52 2 0
github.com/AlchemillaHQ/Sentry/api/api.go:560.48,562.48 2 1
github.com/AlchemillaHQ/Sentry/api/api.go:562.48,565.3 2 1
github.com/AlchemillaHQ/Sentry/api/api.go:567.2,568.16 2 1
github.com/AlchemillaHQ/Sentry/api/api.go:568.16,571.3 2 1
github.com/AlchemillaHQ/Sentry/api/api.go:573.2,574.16 2 0
github.com/AlchemillaHQ/Sentry/api/api.go:574.16,578.3 3 0
github.com/AlchemillaHQ/Sentry/api/api.go:580.2,592.58 4 0
github.com/AlchemillaHQ/Sentry/api/api.go:592.58,596.3 3 0
github.com/AlchemillaHQ/Sentry/api/api.go:598.2,602.16 2 0
github.com/AlchemillaHQ/Sentry/api/api.go:602.16,606.3 3 0
github.com/AlchemillaHQ/Sentry/api/api.go:608.2,609.51 2 0
github.com/AlchemillaHQ/Sentry/api/api.go:612.51,614.48 2 1
github.com/AlchemillaHQ/Sentry/api/api.go:614.48,617.3 2 1
github.com/AlchemillaHQ/Sentry/api/api.go:619.2,620.16 2 1
github.com/AlchemillaHQ/Sentry/api/api.go:620.16,623.3 2 1
github.com/AlchemillaHQ/Sentry/api/api.go:625.2,626.16 2 0
github.com/AlchemillaHQ/Sentry/api/api.go:626.16,630.3 3 0
github.com/AlchemillaHQ/Sentry/api/api.go:632.2,644.58 4 0
github.com/AlchemillaHQ/Sentry/api/api.go:644.58,648.3 3 0
github.com/AlchemillaHQ/Sentry/api/api.go:650.2,650.99 1 0
github.com/AlchemillaHQ/Sentry/api/api.go:650.99,652.3 1 0
github.com/AlchemillaHQ/Sentry/api/api.go:654.2,654.77 1 0
github.com/AlchemillaHQ/Sentry/api/api.go:657.68,671.40 6 0
github.com/AlchemillaHQ/Sentry/api/api.go:671.40,672.81 1 0
github.com/AlchemillaHQ/Sentry/api/api.go:672.81,675.4 2 0
github.com/AlchemillaHQ/Sentry/api/api.go:676.3,676.47 1 0
github.com/AlchemillaHQ/Sentry/api/api.go:679.2,687.2 5 0
github.com/AlchemillaHQ/Sentry/api/api.go:687.2,694.3 6 0
github.com/AlchemillaHQ/Sentry/api/api.go:697.2,698.2 2 0
github.com/AlchemillaHQ/Sentry/api/api.go:698.2,699.51 1 0
github.com/AlchemillaHQ/Sentry/api/api.go:699.51,702.4 2 0
github.com/AlchemillaHQ/Sentry/api/api.go:702.9,704.4 1 0
github.com/AlchemillaHQ/Sentry/api/api.go:705.3,710.58 6 0
github.com/AlchemillaHQ/Sentry/api/api.go:713.2,713.10 1 0
github.com/AlchemillaHQ/Sentry/api/ratelimit.go:24.60,32.2 3 1
github.com/AlchemillaHQ/Sentry/api/ratelimit.go:34.62,35.34 1 1
github.com/AlchemillaHQ/Sentry/api/ratelimit.go:35.34,39.3 3 1
github.com/AlchemillaHQ/Sentry/api/ratelimit.go:41.2,44.36 4 1
github.com/AlchemillaHQ/Sentry/api/ratelimit.go:47.40,50.6 3 1
github.com/AlchemillaHQ/Sentry/api/ratelimit.go:50.6,51.10 1 1
github.com/AlchemillaHQ/Sentry/api/ratelimit.go:52.19,54.43 2 0
github.com/AlchemillaHQ/Sentry/api/ratelimit.go:54.43,56.46 2 0
github.com/AlchemillaHQ/Sentry/api/ratelimit.go:56.46,58.6 1 0
github.com/AlchemillaHQ/Sentry/api/ratelimit.go:59.5,59.16 1 0
github.com/AlchemillaHQ/Sentry/api/ratelimit.go:61.20,62.10 1 1
github.com/AlchemillaHQ/Sentry/api/ratelimit.go:67.33,69.2 1 1
github.com/AlchemillaHQ/Sentry/api/ratelimit.go:71.61,72.30 1 1
github.com/AlchemillaHQ/Sentry/api/ratelimit.go:72.30,75.23 3 1
github.com/AlchemillaHQ/Sentry/api/ratelimit.go:75.23,82.4 3 1
github.com/AlchemillaHQ/Sentry/api/ratelimit.go:83.3,83.11 1 1
