mode: set
github.com/AlchemillaHQ/Sentry/main.go:31.13,38.18 6 0
github.com/AlchemillaHQ/Sentry/main.go:38.18,41.3 2 0
github.com/AlchemillaHQ/Sentry/main.go:43.2,44.16 2 0
github.com/AlchemillaHQ/Sentry/main.go:44.16,47.3 2 0
github.com/AlchemillaHQ/Sentry/main.go:50.2,52.79 2 0
github.com/AlchemillaHQ/Sentry/main.go:52.79,54.3 1 0
github.com/AlchemillaHQ/Sentry/main.go:56.2,60.16 4 0
github.com/AlchemillaHQ/Sentry/main.go:60.16,63.3 2 0
github.com/AlchemillaHQ/Sentry/main.go:65.2,65.14 1 0
github.com/AlchemillaHQ/Sentry/main.go:65.14,67.45 2 0
github.com/AlchemillaHQ/Sentry/main.go:67.45,70.4 2 0
github.com/AlchemillaHQ/Sentry/main.go:71.3,72.9 2 0
github.com/AlchemillaHQ/Sentry/main.go:75.2,76.16 2 0
github.com/AlchemillaHQ/Sentry/main.go:76.16,79.3 2 0
github.com/AlchemillaHQ/Sentry/main.go:80.2,81.16 2 0
github.com/AlchemillaHQ/Sentry/main.go:81.16,84.3 2 0
github.com/AlchemillaHQ/Sentry/main.go:86.2,87.16 2 0
github.com/AlchemillaHQ/Sentry/main.go:87.16,90.3 2 0
github.com/AlchemillaHQ/Sentry/main.go:92.2,95.16 3 0
github.com/AlchemillaHQ/Sentry/main.go:95.16,98.3 2 0
github.com/AlchemillaHQ/Sentry/main.go:99.2,107.12 6 0
github.com/AlchemillaHQ/Sentry/main.go:107.12,109.71 2 0
github.com/AlchemillaHQ/Sentry/main.go:109.71,112.4 2 0
github.com/AlchemillaHQ/Sentry/main.go:115.2,121.79 5 0
github.com/AlchemillaHQ/Sentry/main.go:121.79,123.3 1 0
github.com/AlchemillaHQ/Sentry/main.go:125.2,135.12 6 0
github.com/AlchemillaHQ/Sentry/main.go:135.12,138.52 3 0
github.com/AlchemillaHQ/Sentry/main.go:138.52,140.4 1 0
github.com/AlchemillaHQ/Sentry/main.go:140.9,142.4 1 0
github.com/AlchemillaHQ/Sentry/main.go:143.3,143.48 1 0
github.com/AlchemillaHQ/Sentry/main.go:143.48,146.4 2 0
github.com/AlchemillaHQ/Sentry/main.go:149.2,164.37 11 0
github.com/AlchemillaHQ/Sentry/main.go:167.125,169.16 2 0
github.com/AlchemillaHQ/Sentry/main.go:169.16,172.3 2 0
github.com/AlchemillaHQ/Sentry/main.go:173.2,175.18 2 0
github.com/AlchemillaHQ/Sentry/main.go:175.18,180.93 5 0
github.com/AlchemillaHQ/Sentry/main.go:180.93,182.12 2 0
github.com/AlchemillaHQ/Sentry/main.go:185.3,185.10 1 0
github.com/AlchemillaHQ/Sentry/main.go:186.21,187.10 1 0
github.com/AlchemillaHQ/Sentry/main.go:188.11,188.11 0 0
github.com/AlchemillaHQ/Sentry/main.go:190.3,191.17 2 0
github.com/AlchemillaHQ/Sentry/main.go:191.17,193.12 2 0
github.com/AlchemillaHQ/Sentry/main.go:195.3,205.57 3 0
github.com/AlchemillaHQ/Sentry/main.go:205.57,207.4 1 0
github.com/AlchemillaHQ/Sentry/main.go:208.3,208.14 1 0
github.com/AlchemillaHQ/Sentry/main.go:210.2,210.52 1 0
github.com/AlchemillaHQ/Sentry/static.go:15.30,17.16 2 0
github.com/AlchemillaHQ/Sentry/static.go:17.16,18.13 1 0
github.com/AlchemillaHQ/Sentry/static.go:21.2,23.33 2 0
github.com/AlchemillaHQ/Sentry/static.go:23.33,27.37 2 0
github.com/AlchemillaHQ/Sentry/static.go:27.37,29.4 1 0
github.com/AlchemillaHQ/Sentry/static.go:32.3,33.17 2 0
github.com/AlchemillaHQ/Sentry/static.go:33.17,37.4 3 0
github.com/AlchemillaHQ/Sentry/static.go:40.3,41.46 2 0
github.com/AlchemillaHQ/Sentry/logger/logger.go:14.61,16.18 2 1
github.com/AlchemillaHQ/Sentry/logger/logger.go:17.15,18.29 1 1
github.com/AlchemillaHQ/Sentry/logger/logger.go:19.14,20.28 1 1
github.com/AlchemillaHQ/Sentry/logger/logger.go:21.15,22.29 1 1
github.com/AlchemillaHQ/Sentry/logger/logger.go:23.10,24.28 1 1
github.com/AlchemillaHQ/Sentry/logger/logger.go:27.2,32.16 4 1
github.com/AlchemillaHQ/Sentry/logger/logger.go:32.16,37.3 1 1
github.com/AlchemillaHQ/Sentry/logger/logger.go:37.8,39.3 1 1
github.com/AlchemillaHQ/Sentry/logger/logger.go:41.2,41.19 1 1
github.com/AlchemillaHQ/Sentry/logger/logger.go:41.19,42.52 1 1
github.com/AlchemillaHQ/Sentry/logger/logger.go:42.52,51.4 2 1
github.com/AlchemillaHQ/Sentry/logger/logger.go:54.2,55.61 2 1
github.com/AlchemillaHQ/Sentry/secrets/secrets.go:15.39,16.20 1 1
github.com/AlchemillaHQ/Sentry/secrets/secrets.go:16.20,18.3 1 1
github.com/AlchemillaHQ/Sentry/secrets/secrets.go:19.2,21.28 3 1
github.com/AlchemillaHQ/Sentry/secrets/secrets.go:24.57,28.2 3 1
github.com/AlchemillaHQ/Sentry/secrets/secrets.go:30.58,32.33 2 1
github.com/AlchemillaHQ/Sentry/secrets/secrets.go:32.33,34.3 1 1
github.com/AlchemillaHQ/Sentry/secrets/secrets.go:35.2,37.16 3 1
github.com/AlchemillaHQ/Sentry/secrets/secrets.go:37.16,39.3 1 1
github.com/AlchemillaHQ/Sentry/secrets/secrets.go:40.2,40.23 1 1
github.com/AlchemillaHQ/Sentry/callmanager/callmanager.go:47.63,49.2 1 0
github.com/AlchemillaHQ/Sentry/callmanager/callmanager.go:81.93,84.3 2 1
github.com/AlchemillaHQ/Sentry/callmanager/callmanager.go:85.91,88.3 2 1
github.com/AlchemillaHQ/Sentry/callmanager/callmanager.go:95.86,97.2 1 0
github.com/AlchemillaHQ/Sentry/callmanager/callmanager.go:99.86,101.2 1 0
github.com/AlchemillaHQ/Sentry/callmanager/callmanager.go:103.106,105.2 1 0
github.com/AlchemillaHQ/Sentry/callmanager/callmanager.go:111.86,113.2 1 0
github.com/AlchemillaHQ/Sentry/callmanager/callmanager.go:115.157,117.16 2 0
github.com/AlchemillaHQ/Sentry/callmanager/callmanager.go:117.16,119.3 1 0
github.com/AlchemillaHQ/Sentry/callmanager/callmanager.go:120.2,120.38 1 0
github.com/AlchemillaHQ/Sentry/callmanager/callmanager.go:146.141,153.81 2 1
github.com/AlchemillaHQ/Sentry/callmanager/callmanager.go:153.81,156.3 2 0
github.com/AlchemillaHQ/Sentry/callmanager/callmanager.go:158.2,173.62 2 1
github.com/AlchemillaHQ/Sentry/callmanager/callmanager.go:173.62,176.17 3 0
github.com/AlchemillaHQ/Sentry/callmanager/callmanager.go:176.17,179.4 2 0
github.com/AlchemillaHQ/Sentry/callmanager/callmanager.go:180.3,183.5 1 0
github.com/AlchemillaHQ/Sentry/callmanager/callmanager.go:186.2,188.11 2 1
github.com/AlchemillaHQ/Sentry/callmanager/callmanager.go:191.93,193.16 2 1
github.com/AlchemillaHQ/Sentry/callmanager/callmanager.go:193.16,195.3 1 1
github.com/AlchemillaHQ/Sentry/callmanager/callmanager.go:197.2,198.37 2 1
github.com/AlchemillaHQ/Sentry/callmanager/callmanager.go:198.37,200.3 1 1
github.com/AlchemillaHQ/Sentry/callmanager/callmanager.go:202.2,204.32 3 1
github.com/AlchemillaHQ/Sentry/callmanager/callmanager.go:204.32,205.26 1 0
github.com/AlchemillaHQ/Sentry/callmanager/callmanager.go:205.26,206.42 1 0
github.com/AlchemillaHQ/Sentry/callmanager/callmanager.go:206.42,208.10 2 0
github.com/AlchemillaHQ/Sentry/callmanager/callmanager.go:211.3,211.20 1 0
github.com/AlchemillaHQ/Sentry/callmanager/callmanager.go:211.20,212.9 1 0
github.com/AlchemillaHQ/Sentry/callmanager/callmanager.go:215.2,217.19 2 1
github.com/AlchemillaHQ/Sentry/callmanager/callmanager.go:217.19,218.26 1 0
github.com/AlchemillaHQ/Sentry/callmanager/callmanager.go:218.26,219.38 1 0
github.com/AlchemillaHQ/Sentry/callmanager/callmanager.go:219.38,221.5 1 0
github.com/AlchemillaHQ/Sentry/callmanager/callmanager.go:225.2,225.25 1 1
github.com/AlchemillaHQ/Sentry/callmanager/callmanager.go:228.83,230.18 2 0
github.com/AlchemillaHQ/Sentry/callmanager/callmanager.go:230.18,233.3 2 0
github.com/AlchemillaHQ/Sentry/callmanager/callmanager.go:235.2,238.80 3 0
github.com/AlchemillaHQ/Sentry/callmanager/callmanager.go:238.80,241.3 2 0
github.com/AlchemillaHQ/Sentry/callmanager/callmanager.go:243.2,245.16 3 0
github.com/AlchemillaHQ/Sentry/callmanager/callmanager.go:245.16,246.33 1 0
github.com/AlchemillaHQ/Sentry/callmanager/callmanager.go:246.33,248.4 1 0
github.com/AlchemillaHQ/Sentry/callmanager/callmanager.go:249.3,249.60 1 0
github.com/AlchemillaHQ/Sentry/callmanager/callmanager.go:249.60,251.4 1 0
github.com/AlchemillaHQ/Sentry/callmanager/callmanager.go:252.3,253.9 2 0
github.com/AlchemillaHQ/Sentry/callmanager/callmanager.go:256.2,264.59 7 0
github.com/AlchemillaHQ/Sentry/callmanager/callmanager.go:264.59,266.3 1 0
github.com/AlchemillaHQ/Sentry/callmanager/callmanager.go:268.2,269.18 2 0
github.com/AlchemillaHQ/Sentry/callmanager/callmanager.go:269.18,271.17 2 0
github.com/AlchemillaHQ/Sentry/callmanager/callmanager.go:271.17,277.23 3 0
github.com/AlchemillaHQ/Sentry/callmanager/callmanager.go:277.23,280.5 2 0
github.com/AlchemillaHQ/Sentry/callmanager/callmanager.go:281.4,283.18 3 0
github.com/AlchemillaHQ/Sentry/callmanager/callmanager.go:287.2,289.56 3 0
github.com/AlchemillaHQ/Sentry/callmanager/callmanager.go:289.56,291.3 1 0
github.com/AlchemillaHQ/Sentry/callmanager/callmanager.go:292.2,292.20 1 0
github.com/AlchemillaHQ/Sentry/callmanager/callmanager.go:292.20,294.3 1 0
github.com/AlchemillaHQ/Sentry/callmanager/callmanager.go:296.2,299.32 3 0
github.com/AlchemillaHQ/Sentry/callmanager/callmanager.go:299.32,300.30 1 0
github.com/AlchemillaHQ/Sentry/callmanager/callmanager.go:300.30,301.11 1 0
github.com/AlchemillaHQ/Sentry/callmanager/callmanager.go:302.22,302.22 0 0
github.com/AlchemillaHQ/Sentry/callmanager/callmanager.go:303.12,304.22 1 0
github.com/AlchemillaHQ/Sentry/callmanager/callmanager.go:306.4,306.35 1 0
github.com/AlchemillaHQ/Sentry/callmanager/callmanager.go:311.131,313.16 2 1
github.com/AlchemillaHQ/Sentry/callmanager/callmanager.go:313.16,315.3 1 0
github.com/AlchemillaHQ/Sentry/callmanager/callmanager.go:317.2,325.56 7 1
github.com/AlchemillaHQ/Sentry/callmanager/callmanager.go:325.56,326.70 1 1
github.com/AlchemillaHQ/Sentry/callmanager/callmanager.go:326.70,328.4 1 1
github.com/AlchemillaHQ/Sentry/callmanager/callmanager.go:329.3,329.61 1 1
github.com/AlchemillaHQ/Sentry/callmanager/callmanager.go:329.61,331.4 1 1
github.com/AlchemillaHQ/Sentry/callmanager/callmanager.go:332.3,332.58 1 1
github.com/AlchemillaHQ/Sentry/callmanager/callmanager.go:332.58,334.18 2 1
github.com/AlchemillaHQ/Sentry/callmanager/callmanager.go:334.18,337.5 2 1
github.com/AlchemillaHQ/Sentry/callmanager/callmanager.go:341.2,361.16 2 1
github.com/AlchemillaHQ/Sentry/callmanager/callmanager.go:361.16,363.3 1 0
github.com/AlchemillaHQ/Sentry/callmanager/callmanager.go:366.81,368.18 2 1
github.com/AlchemillaHQ/Sentry/callmanager/callmanager.go:368.18,371.3 2 0
github.com/AlchemillaHQ/Sentry/callmanager/callmanager.go:373.2,377.16 4 1
github.com/AlchemillaHQ/Sentry/callmanager/callmanager.go:377.16,381.3 3 0
github.com/AlchemillaHQ/Sentry/callmanager/callmanager.go:383.2,383.29 1 1
github.com/AlchemillaHQ/Sentry/callmanager/callmanager.go:383.29,387.3 3 0
github.com/AlchemillaHQ/Sentry/callmanager/callmanager.go:389.2,393.16 4 1
github.com/AlchemillaHQ/Sentry/callmanager/callmanager.go:393.16,397.3 3 1
github.com/AlchemillaHQ/Sentry/callmanager/callmanager.go:399.2,399.21 1 1
github.com/AlchemillaHQ/Sentry/callmanager/callmanager.go:399.21,403.3 3 1
github.com/AlchemillaHQ/Sentry/callmanager/callmanager.go:405.2,410.20 6 1
github.com/AlchemillaHQ/Sentry/callmanager/callmanager.go:410.20,415.3 4 1
github.com/AlchemillaHQ/Sentry/callmanager/callmanager.go:417.2,458.16 12 1
github.com/AlchemillaHQ/Sentry/callmanager/callmanager.go:458.16,460.3 1 0
github.com/AlchemillaHQ/Sentry/callmanager/callmanager.go:462.2,465.16 3 1
github.com/AlchemillaHQ/Sentry/callmanager/callmanager.go:465.16,469.3 3 0
github.com/AlchemillaHQ/Sentry/callmanager/callmanager.go:471.2,472.137 2 1
github.com/AlchemillaHQ/Sentry/callmanager/callmanager.go:472.137,476.3 3 0
github.com/AlchemillaHQ/Sentry/callmanager/callmanager.go:478.2,487.9 4 1
github.com/AlchemillaHQ/Sentry/callmanager/callmanager.go:488.20,495.9 4 0
github.com/AlchemillaHQ/Sentry/callmanager/callmanager.go:496.27,498.27 2 1
github.com/AlchemillaHQ/Sentry/callmanager/callmanager.go:498.27,500.4 1 0
github.com/AlchemillaHQ/Sentry/callmanager/callmanager.go:501.3,502.9 2 1
github.com/AlchemillaHQ/Sentry/callmanager/callmanager.go:503.24,505.9 2 0
github.com/AlchemillaHQ/Sentry/callmanager/callmanager.go:509.91,514.15 4 1
github.com/AlchemillaHQ/Sentry/callmanager/callmanager.go:514.15,520.3 2 1
github.com/AlchemillaHQ/Sentry/callmanager/callmanager.go:522.2,522.9 1 1
github.com/AlchemillaHQ/Sentry/callmanager/callmanager.go:522.9,527.3 4 1
github.com/AlchemillaHQ/Sentry/callmanager/callmanager.go:529.2,534.29 2 0
github.com/AlchemillaHQ/Sentry/callmanager/callmanager.go:534.29,536.3 1 0
github.com/AlchemillaHQ/Sentry/callmanager/callmanager.go:538.2,541.48 3 0
github.com/AlchemillaHQ/Sentry/callmanager/callmanager.go:541.48,543.3 1 0
github.com/AlchemillaHQ/Sentry/callmanager/callmanager.go:544.2,554.16 6 0
github.com/AlchemillaHQ/Sentry/callmanager/callmanager.go:554.16,559.3 4 0
github.com/AlchemillaHQ/Sentry/callmanager/callmanager.go:560.2,566.73 5 0
github.com/AlchemillaHQ/Sentry/callmanager/callmanager.go:566.73,571.3 4 0
github.com/AlchemillaHQ/Sentry/callmanager/callmanager.go:573.2,573.22 1 0
github.com/AlchemillaHQ/Sentry/callmanager/callmanager.go:573.22,579.3 5 0
github.com/AlchemillaHQ/Sentry/callmanager/callmanager.go:581.2,582.27 2 0
github.com/AlchemillaHQ/Sentry/callmanager/callmanager.go:582.27,587.3 4 0
github.com/AlchemillaHQ/Sentry/callmanager/callmanager.go:588.2,590.43 2 0
github.com/AlchemillaHQ/Sentry/callmanager/callmanager.go:590.43,595.3 4 0
github.com/AlchemillaHQ/Sentry/callmanager/callmanager.go:597.2,607.87 4 0
github.com/AlchemillaHQ/Sentry/callmanager/callmanager.go:607.87,610.3 2 0
github.com/AlchemillaHQ/Sentry/callmanager/callmanager.go:612.2,615.114 3 0
github.com/AlchemillaHQ/Sentry/callmanager/callmanager.go:615.114,619.3 3 0
github.com/AlchemillaHQ/Sentry/callmanager/callmanager.go:621.2,627.9 3 0
github.com/AlchemillaHQ/Sentry/callmanager/callmanager.go:628.36,632.14 4 0
github.com/AlchemillaHQ/Sentry/callmanager/callmanager.go:633.23,637.14 4 0
github.com/AlchemillaHQ/Sentry/callmanager/callmanager.go:640.2,640.55 1 0
github.com/AlchemillaHQ/Sentry/callmanager/callmanager.go:643.78,645.16 2 1
github.com/AlchemillaHQ/Sentry/callmanager/callmanager.go:645.16,647.3 1 1
github.com/AlchemillaHQ/Sentry/callmanager/callmanager.go:647.8,649.3 1 1
github.com/AlchemillaHQ/Sentry/callmanager/callmanager.go:652.78,654.16 2 1
github.com/AlchemillaHQ/Sentry/callmanager/callmanager.go:654.16,658.33 4 1
github.com/AlchemillaHQ/Sentry/callmanager/callmanager.go:658.33,659.30 1 1
github.com/AlchemillaHQ/Sentry/callmanager/callmanager.go:659.30,661.10 2 1
github.com/AlchemillaHQ/Sentry/callmanager/callmanager.go:664.3,665.9 2 1
github.com/AlchemillaHQ/Sentry/callmanager/callmanager.go:668.2,668.54 1 1
github.com/AlchemillaHQ/Sentry/callmanager/callmanager.go:668.54,671.3 2 1
github.com/AlchemillaHQ/Sentry/callmanager/callmanager.go:673.2,675.17 3 1
github.com/AlchemillaHQ/Sentry/callmanager/callmanager.go:678.81,683.32 4 1
github.com/AlchemillaHQ/Sentry/callmanager/callmanager.go:683.32,684.29 1 1
github.com/AlchemillaHQ/Sentry/callmanager/callmanager.go:684.29,686.9 2 1
github.com/AlchemillaHQ/Sentry/callmanager/callmanager.go:689.2,691.18 2 1
github.com/AlchemillaHQ/Sentry/callmanager/callmanager.go:691.18,695.3 3 1
github.com/AlchemillaHQ/Sentry/callmanager/callmanager.go:697.2,700.28 3 1
github.com/AlchemillaHQ/Sentry/callmanager/callmanager.go:700.28,704.3 3 1
github.com/AlchemillaHQ/Sentry/callmanager/callmanager.go:705.2,709.61 3 1
github.com/AlchemillaHQ/Sentry/callmanager/callmanager.go:712.51,716.2 3 1
github.com/AlchemillaHQ/Sentry/callmanager/callmanager.go:718.47,723.2 4 1
github.com/AlchemillaHQ/Sentry/callmanager/callmanager.go:725.59,729.2 3 1
github.com/AlchemillaHQ/Sentry/callmanager/callmanager.go:731.70,734.32 3 1
github.com/AlchemillaHQ/Sentry/callmanager/callmanager.go:734.32,736.3 1 1
github.com/AlchemillaHQ/Sentry/callmanager/callmanager.go:737.2,739.34 2 1
github.com/AlchemillaHQ/Sentry/callmanager/callmanager.go:739.34,746.26 6 1
github.com/AlchemillaHQ/Sentry/callmanager/callmanager.go:746.26,750.4 3 0
github.com/AlchemillaHQ/Sentry/callmanager/callmanager.go:751.3,751.26 1 1
github.com/AlchemillaHQ/Sentry/callmanager/callmanager.go:753.2,753.81 1 1
github.com/AlchemillaHQ/Sentry/callmanager/callmanager.go:756.60,761.48 4 1
github.com/AlchemillaHQ/Sentry/callmanager/callmanager.go:761.48,762.37 1 1
github.com/AlchemillaHQ/Sentry/callmanager/callmanager.go:762.37,764.4 1 1
github.com/AlchemillaHQ/Sentry/callmanager/callmanager.go:766.2,767.13 2 1
github.com/AlchemillaHQ/Sentry/callmanager/callmanager.go:770.48,773.21 3 1
github.com/AlchemillaHQ/Sentry/callmanager/callmanager.go:773.21,775.3 1 0
github.com/AlchemillaHQ/Sentry/callmanager/callmanager.go:778.42,783.38 4 1
github.com/AlchemillaHQ/Sentry/callmanager/callmanager.go:783.38,784.23 1 1
github.com/AlchemillaHQ/Sentry/callmanager/callmanager.go:784.23,786.4 1 1
github.com/AlchemillaHQ/Sentry/callmanager/callmanager.go:788.2,791.31 3 1
github.com/AlchemillaHQ/Sentry/callmanager/callmanager.go:791.31,792.19 1 1
github.com/AlchemillaHQ/Sentry/callmanager/callmanager.go:792.19,794.4 1 1
github.com/AlchemillaHQ/Sentry/callmanager/callmanager.go:796.2,799.34 3 1
github.com/AlchemillaHQ/Sentry/callmanager/callmanager.go:799.34,800.31 1 1
github.com/AlchemillaHQ/Sentry/callmanager/callmanager.go:800.31,802.4 1 1
github.com/AlchemillaHQ/Sentry/callmanager/callmanager.go:804.2,804.20 1 1
github.com/AlchemillaHQ/Sentry/callmanager/callmanager.go:807.51,811.9 4 1
github.com/AlchemillaHQ/Sentry/callmanager/callmanager.go:811.9,813.3 1 1
github.com/AlchemillaHQ/Sentry/callmanager/callmanager.go:814.2,814.30 1 1
github.com/AlchemillaHQ/Sentry/callmanager/callmanager.go:814.30,819.3 4 0
github.com/AlchemillaHQ/Sentry/callmanager/callmanager.go:820.2,820.13 1 1
github.com/AlchemillaHQ/Sentry/callmanager/callmanager.go:823.50,824.23 1 1
github.com/AlchemillaHQ/Sentry/callmanager/callmanager.go:824.23,826.3 1 1
github.com/AlchemillaHQ/Sentry/callmanager/callmanager.go:828.2,833.34 5 1
github.com/AlchemillaHQ/Sentry/callmanager/callmanager.go:833.34,835.45 2 0
github.com/AlchemillaHQ/Sentry/callmanager/callmanager.go:835.45,838.4 2 0
github.com/AlchemillaHQ/Sentry/callmanager/callmanager.go:839.3,839.24 1 0
github.com/AlchemillaHQ/Sentry/callmanager/callmanager.go:843.36,846.16 3 1
github.com/AlchemillaHQ/Sentry/callmanager/callmanager.go:846.16,848.3 1 1
github.com/AlchemillaHQ/Sentry/callmanager/callmanager.go:849.2,849.75 1 1
github.com/AlchemillaHQ/Sentry/callmanager/callmanager.go:852.51,856.2 3 1
github.com/AlchemillaHQ/Sentry/config/config.go:78.41,80.16 2 1
github.com/AlchemillaHQ/Sentry/config/config.go:80.16,82.3 1 1
github.com/AlchemillaHQ/Sentry/config/config.go:84.2,107.50 2 1
github.com/AlchemillaHQ/Sentry/config/config.go:107.50,109.3 1 1
github.com/AlchemillaHQ/Sentry/config/config.go:111.2,111.30 1 1
github.com/AlchemillaHQ/Sentry/config/config.go:111.30,113.3 1 1
github.com/AlchemillaHQ/Sentry/config/config.go:114.2,114.34 1 1
github.com/AlchemillaHQ/Sentry/config/config.go:114.34,116.3 1 1
github.com/AlchemillaHQ/Sentry/config/config.go:117.2,117.40 1 1
github.com/AlchemillaHQ/Sentry/config/config.go:117.40,119.3 1 1
github.com/AlchemillaHQ/Sentry/config/config.go:121.2,121.17 1 1
github.com/AlchemillaHQ/Sentry/api/api.go:36.145,45.2 1 1
github.com/AlchemillaHQ/Sentry/api/api.go:50.4,52.2 1 1
github.com/AlchemillaHQ/Sentry/api/api.go:54.52,55.30 1 1
github.com/AlchemillaHQ/Sentry/api/api.go:55.30,57.47 2 1
github.com/AlchemillaHQ/Sentry/api/api.go:57.47,59.4 1 1
github.com/AlchemillaHQ/Sentry/api/api.go:61.3,61.24 1 1
github.com/AlchemillaHQ/Sentry/api/api.go:61.24,65.4 3 1
github.com/AlchemillaHQ/Sentry/api/api.go:67.3,68.17 2 1
github.com/AlchemillaHQ/Sentry/api/api.go:68.17,72.4 3 1
github.com/AlchemillaHQ/Sentry/api/api.go:74.3,76.11 3 1
github.com/AlchemillaHQ/Sentry/api/api.go:85.41,87.47 2 1
github.com/AlchemillaHQ/Sentry/api/api.go:87.47,90.3 2 1
github.com/AlchemillaHQ/Sentry/api/api.go:92.2,93.16 2 1
github.com/AlchemillaHQ/Sentry/api/api.go:93.16,97.3 3 1
github.com/AlchemillaHQ/Sentry/api/api.go:99.2,99.62 1 1
github.com/AlchemillaHQ/Sentry/api/api.go:99.62,103.3 3 1
github.com/AlchemillaHQ/Sentry/api/api.go:105.2,114.4 2 1
github.com/AlchemillaHQ/Sentry/api/api.go:117.50,124.22 5 1
github.com/AlchemillaHQ/Sentry/api/api.go:124.22,126.3 1 1
github.com/AlchemillaHQ/Sentry/api/api.go:128.2,132.4 1 1
github.com/AlchemillaHQ/Sentry/api/api.go:135.47,139.16 2 1
github.com/AlchemillaHQ/Sentry/api/api.go:139.16,142.3 2 1
github.com/AlchemillaHQ/Sentry/api/api.go:143.2,146.18 3 1
github.com/AlchemillaHQ/Sentry/api/api.go:146.18,151.102 5 1
github.com/AlchemillaHQ/Sentry/api/api.go:151.102,153.12 2 1
github.com/AlchemillaHQ/Sentry/api/api.go:155.3,163.5 1 1
github.com/AlchemillaHQ/Sentry/api/api.go:165.2,165.32 1 1
github.com/AlchemillaHQ/Sentry/api/api.go:168.45,170.16 2 1
github.com/AlchemillaHQ/Sentry/api/api.go:170.16,173.3 2 1
github.com/AlchemillaHQ/Sentry/api/api.go:174.2,174.30 1 1
github.com/AlchemillaHQ/Sentry/api/api.go:183.46,185.47 2 1
github.com/AlchemillaHQ/Sentry/api/api.go:185.47,188.3 2 1
github.com/AlchemillaHQ/Sentry/api/api.go:190.2,195.16 3 1
github.com/AlchemillaHQ/Sentry/api/api.go:195.16,198.3 2 1
github.com/AlchemillaHQ/Sentry/api/api.go:200.2,200.29 1 1
github.com/AlchemillaHQ/Sentry/api/api.go:200.29,203.3 2 1
github.com/AlchemillaHQ/Sentry/api/api.go:205.2,205.51 1 1
github.com/AlchemillaHQ/Sentry/api/api.go:208.54,214.16 2 1
github.com/AlchemillaHQ/Sentry/api/api.go:214.16,218.3 3 1
github.com/AlchemillaHQ/Sentry/api/api.go:220.2,220.77 1 1
github.com/AlchemillaHQ/Sentry/api/api.go:223.46,227.16 3 1
github.com/AlchemillaHQ/Sentry/api/api.go:227.16,230.3 2 1
github.com/AlchemillaHQ/Sentry/api/api.go:232.2,232.29 1 1
github.com/AlchemillaHQ/Sentry/api/api.go:232.29,235.3 2 1
github.com/AlchemillaHQ/Sentry/api/api.go:237.2,237.46 1 1
github.com/AlchemillaHQ/Sentry/api/api.go:253.36,254.40 1 1
github.com/AlchemillaHQ/Sentry/api/api.go:254.40,256.3 1 1
github.com/AlchemillaHQ/Sentry/api/api.go:265.2,265.39 1 1
github.com/AlchemillaHQ/Sentry/api/api.go:265.39,267.3 1 1
github.com/AlchemillaHQ/Sentry/api/api.go:269.2,270.21 2 1
github.com/AlchemillaHQ/Sentry/api/api.go:270.21,272.3 1 1
github.com/AlchemillaHQ/Sentry/api/api.go:274.2,274.31 1 1
github.com/AlchemillaHQ/Sentry/api/api.go:274.31,275.41 1 1
github.com/AlchemillaHQ/Sentry/api/api.go:275.41,277.4 1 1
github.com/AlchemillaHQ/Sentry/api/api.go:278.3,278.52 1 1
github.com/AlchemillaHQ/Sentry/api/api.go:278.52,280.4 1 1
github.com/AlchemillaHQ/Sentry/api/api.go:281.3,281.35 1 1
github.com/AlchemillaHQ/Sentry/api/api.go:281.35,283.97 2 1
github.com/AlchemillaHQ/Sentry/api/api.go:283.97,285.5 1 1
github.com/AlchemillaHQ/Sentry/api/api.go:290.2,291.32 2 1
github.com/AlchemillaHQ/Sentry/api/api.go:291.32,292.75 1 1
github.com/AlchemillaHQ/Sentry/api/api.go:292.75,294.4 1 1
github.com/AlchemillaHQ/Sentry/api/api.go:296.2,296.14 1 1
github.com/AlchemillaHQ/Sentry/api/api.go:299.50,301.47 2 1
github.com/AlchemillaHQ/Sentry/api/api.go:301.47,305.3 3 1
github.com/AlchemillaHQ/Sentry/api/api.go:307.2,307.52 1 1
github.com/AlchemillaHQ/Sentry/api/api.go:307.52,310.3 2 1
github.com/AlchemillaHQ/Sentry/api/api.go:312.2,312.36 1 1
github.com/AlchemillaHQ/Sentry/api/api.go:312.36,315.3 2 1
github.com/AlchemillaHQ/Sentry/api/api.go:317.2,317.27 1 1
github.com/AlchemillaHQ/Sentry/api/api.go:317.27,319.3 1 1
github.com/AlchemillaHQ/Sentry/api/api.go:320.2,320.54 1 1
github.com/AlchemillaHQ/Sentry/api/api.go:320.54,323.3 2 1
github.com/AlchemillaHQ/Sentry/api/api.go:324.2,324.33 1 1
github.com/AlchemillaHQ/Sentry/api/api.go:324.33,326.3 1 1
github.com/AlchemillaHQ/Sentry/api/api.go:328.2,329.25 2 1
github.com/AlchemillaHQ/Sentry/api/api.go:329.25,331.3 1 1
github.com/AlchemillaHQ/Sentry/api/api.go:332.2,358.16 6 1
github.com/AlchemillaHQ/Sentry/api/api.go:358.16,362.3 3 1
github.com/AlchemillaHQ/Sentry/api/api.go:364.2,376.58 4 1
github.com/AlchemillaHQ/Sentry/api/api.go:376.58,380.3 3 1
github.com/AlchemillaHQ/Sentry/api/api.go:382.2,392.4 5 1
github.com/AlchemillaHQ/Sentry/api/api.go:399.49,401.48 2 1
github.com/AlchemillaHQ/Sentry/api/api.go:401.48,404.3 2 1
github.com/AlchemillaHQ/Sentry/api/api.go:406.2,407.16 2 1
github.com/AlchemillaHQ/Sentry/api/api.go:407.16,410.3 2 1
github.com/AlchemillaHQ/Sentry/api/api.go:412.2,414.70 3 1
github.com/AlchemillaHQ/Sentry/api/api.go:414.70,417.3 2 1
github.com/AlchemillaHQ/Sentry/api/api.go:419.2,439.16 2 1
github.com/AlchemillaHQ/Sentry/api/api.go:439.16,443.3 3 1
github.com/AlchemillaHQ/Sentry/api/api.go:444.2,444.63 1 1
github.com/AlchemillaHQ/Sentry/api/api.go:447.52,449.48 2 1
github.com/AlchemillaHQ/Sentry/api/api.go:449.48,452.3 2 1
github.com/AlchemillaHQ/Sentry/api/api.go:454.2,454.78 1 1
github.com/AlchemillaHQ/Sentry/api/api.go:454.78,456.3 1 1
github.com/AlchemillaHQ/Sentry/api/api.go:458.2,459.16 2 1
github.com/AlchemillaHQ/Sentry/api/api.go:459.16,460.23 1 1
github.com/AlchemillaHQ/Sentry/api/api.go:460.23,462.4 1 1
github.com/AlchemillaHQ/Sentry/api/api.go:465.2,465.84 1 1
github.com/AlchemillaHQ/Sentry/api/api.go:465.84,469.3 3 1
github.com/AlchemillaHQ/Sentry/api/api.go:471.2,471.56 1 1
github.com/AlchemillaHQ/Sentry/api/api.go:474.48,476.48 2 1
github.com/AlchemillaHQ/Sentry/api/api.go:476.48,479.3 2 1
github.com/AlchemillaHQ/Sentry/api/api.go:481.2,482.16 2 1
github.com/AlchemillaHQ/Sentry/api/api.go:482.16,485.3 2 1
github.com/AlchemillaHQ/Sentry/api/api.go:487.2,498.4 3 1
github.com/AlchemillaHQ/Sentry/api/api.go:501.49,503.48 2 1
github.com/AlchemillaHQ/Sentry/api/api.go:503.48,506.3 2 1
github.com/AlchemillaHQ/Sentry/api/api.go:508.2,509.16 2 1
github.com/AlchemillaHQ/Sentry/api/api.go:509.16,512.3 2 1
github.com/AlchemillaHQ/Sentry/api/api.go:514.2,514.78 1 1
github.com/AlchemillaHQ/Sentry/api/api.go:514.78,516.3 1 1
github.com/AlchemillaHQ/Sentry/api/api.go:518.2,522.16 2 1
github.com/AlchemillaHQ/Sentry/api/api.go:522.16,526.3 3 1
github.com/AlchemillaHQ/Sentry/api/api.go:528.2,529.52 2 1
github.com/AlchemillaHQ/Sentry/api/api.go:532.48,534.48 2 1
github.com/AlchemillaHQ/Sentry/api/api.go:534.48,537.3 2 1
github.com/AlchemillaHQ/Sentry/api/api.go:539.2,540.16 2 1
github.com/AlchemillaHQ/Sentry/api/api.go:540.16,543.3 2 1
github.com/AlchemillaHQ/Sentry/api/api.go:545.2,546.16 2 1
github.com/AlchemillaHQ/Sentry/api/api.go:546.16,550.3 3 1
github.com/AlchemillaHQ/Sentry/api/api.go:552.2,564.58 4 1
github.com/AlchemillaHQ/Sentry/api/api.go:564.58,568.3 3 1
github.com/AlchemillaHQ/Sentry/api/api.go:570.2,574.16 2 1
github.com/AlchemillaHQ/Sentry/api/api.go:574.16,578.3 3 1
github.com/AlchemillaHQ/Sentry/api/api.go:580.2,581.51 2 1
github.com/AlchemillaHQ/Sentry/api/api.go:584.51,586.48 2 1
github.com/AlchemillaHQ/Sentry/api/api.go:586.48,589.3 2 1
github.com/AlchemillaHQ/Sentry/api/api.go:591.2,592.16 2 1
github.com/AlchemillaHQ/Sentry/api/api.go:592.16,595.3 2 1
github.com/AlchemillaHQ/Sentry/api/api.go:597.2,598.16 2 1
github.com/AlchemillaHQ/Sentry/api/api.go:598.16,602.3 3 1
github.com/AlchemillaHQ/Sentry/api/api.go:604.2,616.58 4 1
github.com/AlchemillaHQ/Sentry/api/api.go:616.58,620.3 3 1
github.com/AlchemillaHQ/Sentry/api/api.go:622.2,622.99 1 1
github.com/AlchemillaHQ/Sentry/api/api.go:622.99,624.3 1 1
github.com/AlchemillaHQ/Sentry/api/api.go:626.2,626.77 1 1
github.com/AlchemillaHQ/Sentry/api/api.go:629.68,643.40 6 1
github.com/AlchemillaHQ/Sentry/api/api.go:643.40,644.81 1 1
github.com/AlchemillaHQ/Sentry/api/api.go:644.81,647.4 2 1
github.com/AlchemillaHQ/Sentry/api/api.go:648.3,648.47 1 1
github.com/AlchemillaHQ/Sentry/api/api.go:651.2,659.2 5 1
github.com/AlchemillaHQ/Sentry/api/api.go:659.2,666.3 6 1
github.com/AlchemillaHQ/Sentry/api/api.go:669.2,670.2 2 1
github.com/AlchemillaHQ/Sentry/api/api.go:670.2,671.51 1 1
github.com/AlchemillaHQ/Sentry/api/api.go:671.51,674.4 2 1
github.com/AlchemillaHQ/Sentry/api/api.go:674.9,676.4 1 1
github.com/AlchemillaHQ/Sentry/api/api.go:677.3,682.58 6 1
github.com/AlchemillaHQ/Sentry/api/api.go:685.2,685.10 1 1
github.com/AlchemillaHQ/Sentry/api/ratelimit.go:24.60,32.2 3 1
github.com/AlchemillaHQ/Sentry/api/ratelimit.go:34.62,35.34 1 1
github.com/AlchemillaHQ/Sentry/api/ratelimit.go:35.34,39.3 3 1
github.com/AlchemillaHQ/Sentry/api/ratelimit.go:41.2,44.36 4 1
github.com/AlchemillaHQ/Sentry/api/ratelimit.go:49.40,52.6 3 1
github.com/AlchemillaHQ/Sentry/api/ratelimit.go:52.6,53.10 1 1
github.com/AlchemillaHQ/Sentry/api/ratelimit.go:54.19,55.19 1 1
github.com/AlchemillaHQ/Sentry/api/ratelimit.go:56.20,57.10 1 1
github.com/AlchemillaHQ/Sentry/api/ratelimit.go:62.39,64.41 2 1
github.com/AlchemillaHQ/Sentry/api/ratelimit.go:64.41,66.44 2 1
github.com/AlchemillaHQ/Sentry/api/ratelimit.go:66.44,68.4 1 1
github.com/AlchemillaHQ/Sentry/api/ratelimit.go:69.3,69.14 1 1
github.com/AlchemillaHQ/Sentry/api/ratelimit.go:73.33,75.2 1 1
github.com/AlchemillaHQ/Sentry/api/ratelimit.go:77.61,78.30 1 1
github.com/AlchemillaHQ/Sentry/api/ratelimit.go:78.30,81.23 3 1
github.com/AlchemillaHQ/Sentry/api/ratelimit.go:81.23,88.4 3 1
github.com/AlchemillaHQ/Sentry/api/ratelimit.go:89.3,89.11 1 1
github.com/AlchemillaHQ/Sentry/sipstack/registrar.go:60.60,65.18 2 1
github.com/AlchemillaHQ/Sentry/sipstack/registrar.go:65.18,67.3 1 1
github.com/AlchemillaHQ/Sentry/sipstack/registrar.go:68.2,68.11 1 1
github.com/AlchemillaHQ/Sentry/sipstack/registrar.go:71.88,77.2 1 1
github.com/AlchemillaHQ/Sentry/sipstack/registrar.go:79.84,81.47 2 1
github.com/AlchemillaHQ/Sentry/sipstack/registrar.go:81.47,82.29 1 1
github.com/AlchemillaHQ/Sentry/sipstack/registrar.go:82.29,84.4 1 1
github.com/AlchemillaHQ/Sentry/sipstack/registrar.go:88.2,93.66 5 1
github.com/AlchemillaHQ/Sentry/sipstack/registrar.go:93.66,99.3 5 1
github.com/AlchemillaHQ/Sentry/sipstack/registrar.go:101.2,102.12 2 1
github.com/AlchemillaHQ/Sentry/sipstack/registrar.go:105.85,108.9 3 1
github.com/AlchemillaHQ/Sentry/sipstack/registrar.go:108.9,111.3 2 1
github.com/AlchemillaHQ/Sentry/sipstack/registrar.go:112.2,112.23 1 1
github.com/AlchemillaHQ/Sentry/sipstack/registrar.go:112.23,114.3 1 1
github.com/AlchemillaHQ/Sentry/sipstack/registrar.go:115.2,118.37 3 1
github.com/AlchemillaHQ/Sentry/sipstack/registrar.go:121.65,126.2 4 1
github.com/AlchemillaHQ/Sentry/sipstack/registrar.go:128.67,132.2 3 1
github.com/AlchemillaHQ/Sentry/sipstack/registrar.go:134.40,137.30 3 1
github.com/AlchemillaHQ/Sentry/sipstack/registrar.go:137.30,138.24 1 1
github.com/AlchemillaHQ/Sentry/sipstack/registrar.go:138.24,140.4 1 1
github.com/AlchemillaHQ/Sentry/sipstack/registrar.go:142.2,142.41 1 1
github.com/AlchemillaHQ/Sentry/sipstack/registrar.go:145.65,148.30 3 1
github.com/AlchemillaHQ/Sentry/sipstack/registrar.go:148.30,150.24 2 1
github.com/AlchemillaHQ/Sentry/sipstack/registrar.go:150.24,152.4 1 1
github.com/AlchemillaHQ/Sentry/sipstack/registrar.go:154.2,157.27 3 1
github.com/AlchemillaHQ/Sentry/sipstack/registrar.go:157.27,159.59 2 1
github.com/AlchemillaHQ/Sentry/sipstack/registrar.go:159.59,161.4 1 1
github.com/AlchemillaHQ/Sentry/sipstack/registrar.go:162.3,162.11 1 1
github.com/AlchemillaHQ/Sentry/sipstack/registrar.go:164.2,164.80 1 1
github.com/AlchemillaHQ/Sentry/sipstack/registrar.go:167.95,172.25 2 1
github.com/AlchemillaHQ/Sentry/sipstack/registrar.go:172.25,175.3 2 1
github.com/AlchemillaHQ/Sentry/sipstack/registrar.go:177.2,218.12 17 1
github.com/AlchemillaHQ/Sentry/sipstack/registrar.go:221.101,233.16 4 1
github.com/AlchemillaHQ/Sentry/sipstack/registrar.go:233.16,240.3 2 1
github.com/AlchemillaHQ/Sentry/sipstack/registrar.go:242.2,242.52 1 1
github.com/AlchemillaHQ/Sentry/sipstack/registrar.go:242.52,248.17 3 1
github.com/AlchemillaHQ/Sentry/sipstack/registrar.go:248.17,250.4 1 1
github.com/AlchemillaHQ/Sentry/sipstack/registrar.go:253.2,253.51 1 1
github.com/AlchemillaHQ/Sentry/sipstack/registrar.go:253.51,261.3 2 1
github.com/AlchemillaHQ/Sentry/sipstack/registrar.go:263.2,263.75 1 1
github.com/AlchemillaHQ/Sentry/sipstack/registrar.go:266.84,272.6 4 1
github.com/AlchemillaHQ/Sentry/sipstack/registrar.go:272.6,273.10 1 1
github.com/AlchemillaHQ/Sentry/sipstack/registrar.go:274.18,276.71 2 1
github.com/AlchemillaHQ/Sentry/sipstack/registrar.go:276.71,281.5 1 1
github.com/AlchemillaHQ/Sentry/sipstack/registrar.go:282.4,283.35 2 1
github.com/AlchemillaHQ/Sentry/sipstack/registrar.go:284.21,285.10 1 1
github.com/AlchemillaHQ/Sentry/sipstack/stack.go:41.48,42.16 1 1
github.com/AlchemillaHQ/Sentry/sipstack/stack.go:42.16,45.3 2 1
github.com/AlchemillaHQ/Sentry/sipstack/stack.go:45.8,48.3 2 1
github.com/AlchemillaHQ/Sentry/sipstack/stack.go:50.2,58.43 3 1
github.com/AlchemillaHQ/Sentry/sipstack/stack.go:58.43,60.17 2 1
github.com/AlchemillaHQ/Sentry/sipstack/stack.go:60.17,62.4 1 1
github.com/AlchemillaHQ/Sentry/sipstack/stack.go:63.3,63.53 1 1
github.com/AlchemillaHQ/Sentry/sipstack/stack.go:65.2,68.16 3 1
github.com/AlchemillaHQ/Sentry/sipstack/stack.go:68.16,70.3 1 1
github.com/AlchemillaHQ/Sentry/sipstack/stack.go:72.2,73.16 2 1
github.com/AlchemillaHQ/Sentry/sipstack/stack.go:73.16,76.3 2 1
github.com/AlchemillaHQ/Sentry/sipstack/stack.go:78.2,79.16 2 1
github.com/AlchemillaHQ/Sentry/sipstack/stack.go:79.16,82.3 2 1
github.com/AlchemillaHQ/Sentry/sipstack/stack.go:84.2,98.15 7 1
github.com/AlchemillaHQ/Sentry/sipstack/stack.go:101.84,105.2 3 1
github.com/AlchemillaHQ/Sentry/sipstack/stack.go:107.82,111.2 3 1
github.com/AlchemillaHQ/Sentry/sipstack/stack.go:113.79,117.2 3 1
github.com/AlchemillaHQ/Sentry/sipstack/stack.go:119.79,123.2 3 1
github.com/AlchemillaHQ/Sentry/sipstack/stack.go:125.82,129.2 3 1
github.com/AlchemillaHQ/Sentry/sipstack/stack.go:131.47,131.66 1 1
github.com/AlchemillaHQ/Sentry/sipstack/stack.go:132.47,132.66 1 1
github.com/AlchemillaHQ/Sentry/sipstack/stack.go:133.47,133.62 1 1
github.com/AlchemillaHQ/Sentry/sipstack/stack.go:134.47,134.74 1 1
github.com/AlchemillaHQ/Sentry/sipstack/stack.go:135.47,135.79 1 1
github.com/AlchemillaHQ/Sentry/sipstack/stack.go:136.47,136.84 1 1
github.com/AlchemillaHQ/Sentry/sipstack/stack.go:138.76,142.15 4 1
github.com/AlchemillaHQ/Sentry/sipstack/stack.go:142.15,144.3 1 1
github.com/AlchemillaHQ/Sentry/sipstack/stack.go:144.8,147.3 2 1
github.com/AlchemillaHQ/Sentry/sipstack/stack.go:150.74,154.15 4 1
github.com/AlchemillaHQ/Sentry/sipstack/stack.go:154.15,156.3 1 1
github.com/AlchemillaHQ/Sentry/sipstack/stack.go:156.8,159.3 2 1
github.com/AlchemillaHQ/Sentry/sipstack/stack.go:162.71,166.15 4 1
github.com/AlchemillaHQ/Sentry/sipstack/stack.go:166.15,168.3 1 1
github.com/AlchemillaHQ/Sentry/sipstack/stack.go:171.71,175.15 4 1
github.com/AlchemillaHQ/Sentry/sipstack/stack.go:175.15,177.3 1 1
github.com/AlchemillaHQ/Sentry/sipstack/stack.go:177.8,180.3 2 1
github.com/AlchemillaHQ/Sentry/sipstack/stack.go:183.74,187.15 4 1
github.com/AlchemillaHQ/Sentry/sipstack/stack.go:187.15,189.3 1 1
github.com/AlchemillaHQ/Sentry/sipstack/stack.go:198.70,202.67 2 1
github.com/AlchemillaHQ/Sentry/sipstack/stack.go:202.67,204.41 2 1
github.com/AlchemillaHQ/Sentry/sipstack/stack.go:204.41,206.5 1 1
github.com/AlchemillaHQ/Sentry/sipstack/stack.go:206.19,208.5 1 0
github.com/AlchemillaHQ/Sentry/sipstack/stack.go:209.4,209.16 1 1
github.com/AlchemillaHQ/Sentry/sipstack/stack.go:213.2,214.16 2 1
github.com/AlchemillaHQ/Sentry/sipstack/stack.go:214.16,217.3 2 0
github.com/AlchemillaHQ/Sentry/sipstack/stack.go:219.2,219.63 1 1
github.com/AlchemillaHQ/Sentry/sipstack/stack.go:219.63,221.3 1 0
github.com/AlchemillaHQ/Sentry/sipstack/stack.go:224.70,226.75 2 1
github.com/AlchemillaHQ/Sentry/sipstack/stack.go:226.75,228.3 1 1
github.com/AlchemillaHQ/Sentry/sipstack/stack.go:231.70,233.91 2 1
github.com/AlchemillaHQ/Sentry/sipstack/stack.go:233.91,235.3 1 1
github.com/AlchemillaHQ/Sentry/sipstack/stack.go:238.59,241.25 2 1
github.com/AlchemillaHQ/Sentry/sipstack/stack.go:241.25,243.3 1 1
github.com/AlchemillaHQ/Sentry/sipstack/stack.go:245.2,245.25 1 1
github.com/AlchemillaHQ/Sentry/sipstack/stack.go:245.25,247.3 1 1
github.com/AlchemillaHQ/Sentry/sipstack/stack.go:249.2,249.70 1 1
github.com/AlchemillaHQ/Sentry/sipstack/stack.go:249.70,251.3 1 1
github.com/AlchemillaHQ/Sentry/sipstack/stack.go:253.2,253.9 1 1
github.com/AlchemillaHQ/Sentry/sipstack/stack.go:254.22,255.13 1 1
github.com/AlchemillaHQ/Sentry/sipstack/stack.go:256.20,257.19 1 1
github.com/AlchemillaHQ/Sentry/sipstack/stack.go:261.25,263.2 1 1
github.com/AlchemillaHQ/Sentry/auth/auth.go:16.52,19.2 2 1
github.com/AlchemillaHQ/Sentry/auth/auth.go:21.52,24.2 2 1
github.com/AlchemillaHQ/Sentry/auth/auth.go:26.67,38.2 4 1
github.com/AlchemillaHQ/Sentry/auth/auth.go:40.65,42.97 2 1
github.com/AlchemillaHQ/Sentry/auth/auth.go:42.97,44.3 1 1
github.com/AlchemillaHQ/Sentry/auth/auth.go:46.2,46.16 1 1
github.com/AlchemillaHQ/Sentry/auth/auth.go:46.16,48.3 1 1
github.com/AlchemillaHQ/Sentry/auth/auth.go:50.2,50.20 1 1
github.com/AlchemillaHQ/Sentry/db/connector.go:33.78,34.30 1 1
github.com/AlchemillaHQ/Sentry/db/connector.go:34.30,36.3 1 1
github.com/AlchemillaHQ/Sentry/db/connector.go:38.2,39.16 2 1
github.com/AlchemillaHQ/Sentry/db/connector.go:39.16,41.3 1 0
github.com/AlchemillaHQ/Sentry/db/connector.go:43.2,44.16 2 1
github.com/AlchemillaHQ/Sentry/db/connector.go:44.16,46.3 1 0
github.com/AlchemillaHQ/Sentry/db/connector.go:48.2,48.39 1 1
github.com/AlchemillaHQ/Sentry/db/connector.go:48.39,50.3 1 0
github.com/AlchemillaHQ/Sentry/db/connector.go:52.2,57.37 2 1
github.com/AlchemillaHQ/Sentry/db/connector.go:57.37,59.3 1 0
github.com/AlchemillaHQ/Sentry/db/connector.go:61.2,61.16 1 1
github.com/AlchemillaHQ/Sentry/db/connector.go:64.53,67.2 2 1
github.com/AlchemillaHQ/Sentry/db/connector.go:69.83,71.16 2 1
github.com/AlchemillaHQ/Sentry/db/connector.go:71.16,73.3 1 1
github.com/AlchemillaHQ/Sentry/db/connector.go:74.2,74.26 1 1
github.com/AlchemillaHQ/Sentry/db/connector.go:74.26,76.3 1 1
github.com/AlchemillaHQ/Sentry/db/connector.go:78.2,79.42 2 1
github.com/AlchemillaHQ/Sentry/db/connector.go:79.42,81.3 1 0
github.com/AlchemillaHQ/Sentry/db/connector.go:83.2,87.16 2 1
github.com/AlchemillaHQ/Sentry/db/connector.go:87.16,89.3 1 1
github.com/AlchemillaHQ/Sentry/db/connector.go:91.2,91.17 1 1
github.com/AlchemillaHQ/Sentry/db/connector.go:94.54,97.16 3 1
github.com/AlchemillaHQ/Sentry/db/connector.go:97.16,99.3 1 0
github.com/AlchemillaHQ/Sentry/db/connector.go:100.2,100.12 1 1
github.com/AlchemillaHQ/Sentry/db/connector.go:103.60,106.16 3 1
github.com/AlchemillaHQ/Sentry/db/connector.go:106.16,108.3 1 1
github.com/AlchemillaHQ/Sentry/db/connector.go:110.2,111.16 2 1
github.com/AlchemillaHQ/Sentry/db/connector.go:111.16,113.3 1 1
github.com/AlchemillaHQ/Sentry/db/connector.go:116.67,122.16 2 1
github.com/AlchemillaHQ/Sentry/db/connector.go:122.16,125.3 2 1
github.com/AlchemillaHQ/Sentry/db/connector.go:126.2,127.15 2 1
github.com/AlchemillaHQ/Sentry/db/connector.go:127.15,129.3 1 1
github.com/AlchemillaHQ/Sentry/db/connector.go:130.2,130.14 1 1
github.com/AlchemillaHQ/Sentry/db/connector.go:135.61,137.12 2 1
github.com/AlchemillaHQ/Sentry/db/connector.go:137.12,139.7 2 1
github.com/AlchemillaHQ/Sentry/db/connector.go:139.7,140.11 1 1
github.com/AlchemillaHQ/Sentry/db/connector.go:141.20,142.30 1 0
github.com/AlchemillaHQ/Sentry/db/connector.go:143.22,144.11 1 1
github.com/AlchemillaHQ/Sentry/db/connector.go:150.102,151.35 1 1
github.com/AlchemillaHQ/Sentry/db/connector.go:151.35,159.17 3 1
github.com/AlchemillaHQ/Sentry/db/connector.go:159.17,161.4 1 1
github.com/AlchemillaHQ/Sentry/db/connector.go:162.3,162.72 1 1
github.com/AlchemillaHQ/Sentry/db/connector.go:164.2,164.12 1 1
github.com/AlchemillaHQ/Sentry/db/db.go:20.28,22.2 1 1
github.com/AlchemillaHQ/Sentry/db/db.go:28.46,32.2 1 0
github.com/AlchemillaHQ/Sentry/db/query.sql.go:36.93,50.2 2 1
github.com/AlchemillaHQ/Sentry/db/query.sql.go:64.79,67.2 2 1
github.com/AlchemillaHQ/Sentry/db/query.sql.go:73.80,76.2 2 1
github.com/AlchemillaHQ/Sentry/db/query.sql.go:82.79,85.2 2 1
github.com/AlchemillaHQ/Sentry/db/query.sql.go:91.74,94.2 2 1
github.com/AlchemillaHQ/Sentry/db/query.sql.go:100.101,126.2 4 1
github.com/AlchemillaHQ/Sentry/db/query.sql.go:132.87,158.2 4 1
github.com/AlchemillaHQ/Sentry/db/query.sql.go:164.104,166.16 2 1
github.com/AlchemillaHQ/Sentry/db/query.sql.go:166.16,168.3 1 0
github.com/AlchemillaHQ/Sentry/db/query.sql.go:169.2,171.18 3 1
github.com/AlchemillaHQ/Sentry/db/query.sql.go:171.18,194.17 2 1
github.com/AlchemillaHQ/Sentry/db/query.sql.go:194.17,196.4 1 0
github.com/AlchemillaHQ/Sentry/db/query.sql.go:197.3,197.27 1 1
github.com/AlchemillaHQ/Sentry/db/query.sql.go:199.2,199.35 1 1
github.com/AlchemillaHQ/Sentry/db/query.sql.go:199.35,201.3 1 0
github.com/AlchemillaHQ/Sentry/db/query.sql.go:202.2,202.19 1 1
github.com/AlchemillaHQ/Sentry/db/query.sql.go:209.91,226.2 4 1
github.com/AlchemillaHQ/Sentry/db/query.sql.go:232.79,237.2 4 1
github.com/AlchemillaHQ/Sentry/db/query.sql.go:243.79,253.2 4 1
github.com/AlchemillaHQ/Sentry/db/query.sql.go:265.74,267.16 2 1
github.com/AlchemillaHQ/Sentry/db/query.sql.go:267.16,269.3 1 0
github.com/AlchemillaHQ/Sentry/db/query.sql.go:270.2,272.18 3 1
github.com/AlchemillaHQ/Sentry/db/query.sql.go:272.18,274.71 2 1
github.com/AlchemillaHQ/Sentry/db/query.sql.go:274.71,276.4 1 0
github.com/AlchemillaHQ/Sentry/db/query.sql.go:277.3,277.27 1 1
github.com/AlchemillaHQ/Sentry/db/query.sql.go:279.2,279.35 1 1
github.com/AlchemillaHQ/Sentry/db/query.sql.go:279.35,281.3 1 0
github.com/AlchemillaHQ/Sentry/db/query.sql.go:282.2,282.19 1 1
github.com/AlchemillaHQ/Sentry/db/query.sql.go:289.89,292.2 2 1
github.com/AlchemillaHQ/Sentry/db/query.sql.go:298.94,301.2 2 1
github.com/AlchemillaHQ/Sentry/db/query.sql.go:312.93,315.2 2 1
github.com/AlchemillaHQ/Sentry/db/query.sql.go:327.97,330.2 2 1
github.com/AlchemillaHQ/Sentry/db/query.sql.go:336.88,339.2 2 1
github.com/AlchemillaHQ/Sentry/db/query.sql.go:350.103,353.2 2 1
github.com/AlchemillaHQ/Sentry/db/query.sql.go:364.95,367.2 2 1
github.com/AlchemillaHQ/Sentry/db/query.sql.go:419.83,441.2 2 1
github.com/AlchemillaHQ/Sentry/db/query.sql.go:454.85,457.2 2 1
github.com/AlchemillaHQ/Sentry/push/apns.go:24.87,25.20 1 1
github.com/AlchemillaHQ/Sentry/push/apns.go:25.20,27.3 1 1
github.com/AlchemillaHQ/Sentry/push/apns.go:28.2,29.16 2 1
github.com/AlchemillaHQ/Sentry/push/apns.go:29.16,31.3 1 1
github.com/AlchemillaHQ/Sentry/push/apns.go:32.2,33.16 2 1
github.com/AlchemillaHQ/Sentry/push/apns.go:33.16,35.3 1 1
github.com/AlchemillaHQ/Sentry/push/apns.go:35.8,37.3 1 1
github.com/AlchemillaHQ/Sentry/push/apns.go:38.2,38.20 1 1
github.com/AlchemillaHQ/Sentry/push/apns.go:41.85,43.16 2 1
github.com/AlchemillaHQ/Sentry/push/apns.go:43.16,45.3 1 1
github.com/AlchemillaHQ/Sentry/push/apns.go:46.2,46.19 1 1
github.com/AlchemillaHQ/Sentry/push/apns.go:46.19,48.3 1 1
github.com/AlchemillaHQ/Sentry/push/apns.go:49.2,49.61 1 1
github.com/AlchemillaHQ/Sentry/push/apns.go:52.78,54.2 1 1
github.com/AlchemillaHQ/Sentry/push/apns.go:56.107,74.16 4 1
github.com/AlchemillaHQ/Sentry/push/apns.go:74.16,76.3 1 1
github.com/AlchemillaHQ/Sentry/push/apns.go:77.2,77.18 1 1
github.com/AlchemillaHQ/Sentry/push/apns.go:77.18,78.31 1 1
github.com/AlchemillaHQ/Sentry/push/apns.go:78.31,80.4 1 1
github.com/AlchemillaHQ/Sentry/push/apns.go:81.3,81.74 1 1
github.com/AlchemillaHQ/Sentry/push/apns.go:83.2,84.12 2 1
github.com/AlchemillaHQ/Sentry/push/apns.go:87.52,88.21 1 1
github.com/AlchemillaHQ/Sentry/push/apns.go:92.28,93.14 1 1
github.com/AlchemillaHQ/Sentry/push/apns.go:95.2,95.14 1 1
github.com/AlchemillaHQ/Sentry/push/dispatcher.go:64.64,73.16 3 1
github.com/AlchemillaHQ/Sentry/push/dispatcher.go:73.16,75.3 1 1
github.com/AlchemillaHQ/Sentry/push/dispatcher.go:76.2,76.16 1 1
github.com/AlchemillaHQ/Sentry/push/dispatcher.go:76.16,78.3 1 1
github.com/AlchemillaHQ/Sentry/push/dispatcher.go:80.2,81.16 2 1
github.com/AlchemillaHQ/Sentry/push/dispatcher.go:81.16,83.3 1 1
github.com/AlchemillaHQ/Sentry/push/dispatcher.go:83.8,83.24 1 1
github.com/AlchemillaHQ/Sentry/push/dispatcher.go:83.24,85.3 1 1
github.com/AlchemillaHQ/Sentry/push/dispatcher.go:87.2,87.15 1 1
github.com/AlchemillaHQ/Sentry/push/dispatcher.go:90.60,92.2 1 1
github.com/AlchemillaHQ/Sentry/push/dispatcher.go:94.49,95.33 1 1
github.com/AlchemillaHQ/Sentry/push/dispatcher.go:95.33,97.3 1 1
github.com/AlchemillaHQ/Sentry/push/dispatcher.go:98.2,98.69 1 1
github.com/AlchemillaHQ/Sentry/push/dispatcher.go:101.50,102.6 1 1
github.com/AlchemillaHQ/Sentry/push/dispatcher.go:102.6,103.10 1 1
github.com/AlchemillaHQ/Sentry/push/dispatcher.go:104.25,105.24 1 1
github.com/AlchemillaHQ/Sentry/push/dispatcher.go:106.21,107.10 1 1
github.com/AlchemillaHQ/Sentry/push/dispatcher.go:112.53,120.15 6 1
github.com/AlchemillaHQ/Sentry/push/dispatcher.go:120.15,124.3 3 1
github.com/AlchemillaHQ/Sentry/push/dispatcher.go:126.2,126.40 1 1
github.com/AlchemillaHQ/Sentry/push/dispatcher.go:126.40,127.28 1 1
github.com/AlchemillaHQ/Sentry/push/dispatcher.go:127.28,130.4 2 1
github.com/AlchemillaHQ/Sentry/push/dispatcher.go:132.3,132.12 1 1
github.com/AlchemillaHQ/Sentry/push/dispatcher.go:132.12,134.11 2 1
github.com/AlchemillaHQ/Sentry/push/dispatcher.go:135.27,138.11 3 1
github.com/AlchemillaHQ/Sentry/push/dispatcher.go:139.19,139.19 0 1
github.com/AlchemillaHQ/Sentry/push/dispatcher.go:143.3,144.17 2 1
github.com/AlchemillaHQ/Sentry/push/dispatcher.go:144.17,147.4 2 1
github.com/AlchemillaHQ/Sentry/push/dispatcher.go:149.3,149.38 1 1
github.com/AlchemillaHQ/Sentry/push/dispatcher.go:149.38,151.33 2 1
github.com/AlchemillaHQ/Sentry/push/dispatcher.go:151.33,153.5 1 1
github.com/AlchemillaHQ/Sentry/push/dispatcher.go:154.4,154.10 1 1
github.com/AlchemillaHQ/Sentry/push/dispatcher.go:157.3,157.108 1 1
github.com/AlchemillaHQ/Sentry/push/dispatcher.go:160.2,160.103 1 1
github.com/AlchemillaHQ/Sentry/push/dispatcher.go:163.109,164.9 1 1
github.com/AlchemillaHQ/Sentry/push/dispatcher.go:171.4,173.13 2 1
github.com/AlchemillaHQ/Sentry/push/dispatcher.go:174.10,176.39 2 1
github.com/AlchemillaHQ/Sentry/push/dispatcher.go:180.48,183.45 3 1
github.com/AlchemillaHQ/Sentry/push/dispatcher.go:183.45,187.3 3 1
github.com/AlchemillaHQ/Sentry/push/dispatcher.go:190.118,192.9 2 1
github.com/AlchemillaHQ/Sentry/push/dispatcher.go:192.9,194.3 1 1
github.com/AlchemillaHQ/Sentry/push/dispatcher.go:195.2,195.71 1 1
github.com/AlchemillaHQ/Sentry/push/fcm.go:23.68,24.30 1 1
github.com/AlchemillaHQ/Sentry/push/fcm.go:24.30,26.3 1 1
github.com/AlchemillaHQ/Sentry/push/fcm.go:27.2,30.16 4 1
github.com/AlchemillaHQ/Sentry/push/fcm.go:30.16,32.3 1 1
github.com/AlchemillaHQ/Sentry/push/fcm.go:33.2,33.20 1 1
github.com/AlchemillaHQ/Sentry/push/fcm.go:36.66,38.16 2 1
github.com/AlchemillaHQ/Sentry/push/fcm.go:38.16,40.3 1 1
github.com/AlchemillaHQ/Sentry/push/fcm.go:41.2,41.19 1 1
github.com/AlchemillaHQ/Sentry/push/fcm.go:41.19,43.3 1 1
github.com/AlchemillaHQ/Sentry/push/fcm.go:44.2,44.40 1 1
github.com/AlchemillaHQ/Sentry/push/fcm.go:47.58,49.2 1 1
github.com/AlchemillaHQ/Sentry/push/fcm.go:51.46,53.2 1 1
github.com/AlchemillaHQ/Sentry/push/fcm.go:55.106,69.16 3 1
github.com/AlchemillaHQ/Sentry/push/fcm.go:69.16,70.29 1 1
github.com/AlchemillaHQ/Sentry/push/fcm.go:70.29,72.4 1 1
github.com/AlchemillaHQ/Sentry/push/fcm.go:73.3,73.41 1 1
github.com/AlchemillaHQ/Sentry/push/fcm.go:75.2,76.12 2 1
